// Jest Snapshot v1, https://goo.gl/fbAQLP

exports[`toolbar base test test render 1`] = `
<div
  class="tool-bar "
>
  <button
    class="ant-btn"
    type="button"
  >
    <span>
      1
    </span>
  </button>
  <button
    class="ant-btn"
    type="button"
  >
    <span>
      2
    </span>
  </button>
</div>
`;
