// Jest Snapshot v1, https://goo.gl/fbAQLP

exports[`formitem base test complete render 1`] = `null`;

exports[`formitem base test test render 1`] = `
<div
  class="ant-row ant-form-item"
>
  <div
    class="ant-col ant-col-3 ant-form-item-label"
  >
    <label
      class=""
      title="bbb"
    >
      bbb
    </label>
  </div>
  <div
    class="ant-col ant-col-18 ant-form-item-control-wrapper"
  >
    <div
      class="ant-form-item-control"
    >
      <span
        class="ant-form-item-children"
      >
        <input
          class="ant-input"
          type="text"
          value=""
        />
      </span>
    </div>
  </div>
</div>
`;
