// Jest Snapshot v1, https://goo.gl/fbAQLP

exports[`快照测试 全页快照 1`] = `
<div
  className=""
>
  <Button
    disabled={false}
    onClick={[MockFunction]}
    size="small"
    type="primary"
  >
    <span>
      <RightOutlined />
    </span>
  </Button>
  <Button
    disabled={false}
    onClick={[MockFunction]}
    size="small"
    type="primary"
  >
    <span>
      <LeftOutlined />
    </span>
  </Button>
</div>
`;
