// Jest Snapshot v1, https://goo.gl/fbAQLP

exports[`快照测试 全页快照 1`] = `
<div
  className="transfer-list"
  style={
    Object {
      "height": 300,
      "width": 200,
    }
  }
>
  <div
    className="transfer-list-header"
  >
    <Checkbox
      checked={true}
      indeterminate={false}
      onChange={[Function]}
    />
    <span
      className="transfer-list-header-selected"
    >
      <span>
        1/1
         
      </span>
      <span
        className="transfer-list-header-title"
      />
    </span>
  </div>
  <Search
    handleClear={[Function]}
    onChange={[Function]}
    placeholder="Search here"
    prefixCls="transfer-list-search"
  />
  <List
    autoHeight={false}
    className="transfer-list-virtualized"
    estimatedRowSize={30}
    height={195}
    noRowsRenderer={[Function]}
    onRowsRendered={[Function]}
    onScroll={[Function]}
    overscanIndicesGetter={[Function]}
    overscanRowCount={10}
    rowCount={1}
    rowHeight={1}
    rowRenderer={[Function]}
    scrollToAlignment="auto"
    scrollToIndex={-1}
    style={Object {}}
    width={1}
  />
  <div
    className="transfer-list-footer"
  >
    <Component />
  </div>
</div>
`;
