// Jest Snapshot v1, https://goo.gl/fbAQLP

exports[`快照测试 TreeTile 快照测试 1`] = `
<Card
  extra={
    <Checkbox
      checked={false}
      indeterminate={false}
      onChange={[Function]}
    >
      全选
    </Checkbox>
  }
  size="small"
  style={
    Object {
      "width": "100%",
    }
  }
  title="请选择"
>
  <p
    className="treeNoData"
  >
    no data
  </p>
</Card>
`;
