// Jest Snapshot v1, https://goo.gl/fbAQLP

exports[`TreeTile 组件测试 TreeTile 快照测试 1`] = `
<ForwardRef
  extra={
    <UNDEFINED
      checked={false}
      indeterminate={false}
      onChange={[Function]}
    >
      全选
    </UNDEFINED>
  }
  size="small"
  style={
    Object {
      "width": "100%",
    }
  }
  title="测试标题"
>
  <p
    className="treeNoData"
  >
    no data
  </p>
</ForwardRef>
`;
