// Jest Snapshot v1, https://goo.gl/fbAQLP

exports[`快照测试 全页快照 1`] = `
<Form(BaseForm)
  formItems={
    Array [
      Object {
        "defaultValue": "input1",
        "label": "input1",
        "name": "input1",
        "rules": Array [
          Object {
            "message": "必填input1",
            "required": true,
          },
        ],
        "type": "input",
      },
    ]
  }
/>
`;
