// Jest Snapshot v1, https://goo.gl/fbAQLP

exports[`快照测试 全页快照 1`] = `
<MyTabs
  activeKey="tab1"
  name="tab"
  onChange={[Function]}
>
  <Component
    forceRender={true}
    key="tab1"
    tab="泰波一"
  >
    <Form1
      defaultActiveKey="tab3"
      steps={Array []}
    />
  </Component>
  <Component
    forceRender={true}
    key="tab2"
    tab="泰波二"
  >
    <Form2
      defaultActiveKey="tab3"
      steps={Array []}
    />
  </Component>
  <Component
    disabled={true}
    forceRender={true}
    key="tab3"
    tab="泰波三"
  />
</MyTabs>
`;
