// Jest Snapshot v1, https://goo.gl/fbAQLP

exports[`快照测试 全页快照 1`] = `
<Fragment>
  <Steps
    current={0}
  >
    <Step
      description="我是第一步"
      key="第一步"
      title="第一步"
    />
    <Step
      description="我是第二步"
      key="第二步"
      title="第二步"
    />
    <Step
      description="我是第三步"
      key="第三步"
      title="第三步"
    />
  </Steps>
  <1
    forwardRef={
      Object {
        "current": null,
      }
    }
    getCurrentStep={[Function]}
    goRoutes={[Function]}
    history={
      Object {
        "push": [Function],
      }
    }
    location={
      Object {
        "pathname": "",
      }
    }
    steps={
      Array [
        Object {
          "component": "1",
          "description": "我是第一步",
          "path": "first",
          "text": "第一步",
        },
        Object {
          "component": "2",
          "description": "我是第二步",
          "path": "second",
          "text": "第二步",
        },
        Object {
          "component": "3",
          "description": "我是第三步",
          "path": "third",
          "text": "第三步",
        },
      ]
    }
  />
</Fragment>
`;
